\BOOKMARK [1][-]{section.0.1}{\376\377\000S\000u\000p\000e\000r\000c\000o\000n\000d\000u\000c\000t\000i\000n\000g\000\040\000q\000u\000a\000n\000t\000u\000m\000\040\000c\000i\000r\000c\000u\000i\000t\000s}{}% 1
\BOOKMARK [2][-]{subsection.0.1.1}{\376\377\000T\000h\000e\000\040\000q\000u\000a\000n\000t\000u\000m\000\040\000L\000C\000\040\000r\000e\000s\000o\000n\000a\000t\000o\000r}{section.0.1}% 2
\BOOKMARK [2][-]{subsection.0.1.2}{\376\377\214\020\143\057\126\150\174\173\127\213\000\040\000\050\000R\000e\000s\000o\000n\000a\000t\000o\000r\000s\000\051}{section.0.1}% 3
\BOOKMARK [2][-]{subsection.0.1.3}{\376\377\220\073\217\221\224\376\140\073\176\323}{section.0.1}% 4
\BOOKMARK [1][-]{section.0.2}{\376\377\000I\000I\000I\000.\000\040\000L\000I\000G\000H\000T\040\023\000M\000A\000T\000T\000E\000R\000\040\000I\000N\000T\000E\000R\000A\000C\000T\000I\000O\000N\000\040\000I\000N\000\040\000C\000I\000R\000C\000U\000I\000T\000\040\000Q\000E\000D}{}% 5
\BOOKMARK [2][-]{subsection.0.2.1}{\376\377\000A\000\040\000E\000x\000c\000h\000a\000n\000g\000e\000\040\000i\000n\000t\000e\000r\000a\000c\000t\000i\000o\000n\000\040\000b\000e\000t\000w\000e\000e\000n\000\040\000a\000\040\000t\000r\000a\000n\000s\000m\000o\000n\000\040\000a\000n\000d\000\040\000a\000n\000\040\000o\000s\000c\000i\000l\000l\000a\000t\000o\000r}{section.0.2}% 6
\BOOKMARK [2][-]{subsection.0.2.2}{\376\377\000B\000.\000\040\000T\000h\000e\000\040\000J\000a\000y\000n\000e\000s\040\023\000C\000u\000m\000m\000i\000n\000g\000s\000\040\000s\000p\000e\000c\000t\000r\000u\000m}{section.0.2}% 7
\BOOKMARK [2][-]{subsection.0.2.3}{\376\377\000C\000\040\000D\000i\000s\000p\000e\000r\000s\000i\000v\000e\000\040\000r\000e\000g\000i\000m\000e\377\010\202\162\145\143\000/\227\136\121\161\143\057\135\345\117\134\123\072\377\011}{section.0.2}% 8
\BOOKMARK [2][-]{subsection.0.2.4}{\376\377\000D\000\040\000J\000o\000s\000e\000p\000h\000s\000o\000n\000\040\000j\000u\000n\000c\000t\000i\000o\000n\000s\000\040\000e\000m\000b\000e\000d\000d\000e\000d\000\040\000i\000n\000\040\000m\000u\000l\000t\000i\000m\000o\000d\000e\000\040\000e\000l\000e\000c\000t\000r\000o\000m\000a\000g\000n\000e\000t\000i\000c\000\040\000e\000n\000v\000i\000r\000o\000n\000m\000e\000n\000t\000s}{section.0.2}% 9
\BOOKMARK [2][-]{subsection.0.2.5}{\376\377\000E\000\040\000B\000e\000y\000o\000n\000d\000\040\000t\000h\000e\000\040\000t\000r\000a\000n\000s\000m\000o\000n\000:\000\040\000m\000u\000l\000t\000i\000l\000e\000v\000e\000l\000\040\000a\000r\000t\000i\000f\000i\000c\000i\000a\000l\000\040\000a\000t\000o\000m}{section.0.2}% 10
\BOOKMARK [2][-]{subsection.0.2.6}{\376\377\000F\000\040\000A\000l\000t\000e\000r\000n\000a\000t\000i\000v\000e\000\040\000c\000o\000u\000p\000l\000i\000n\000g\000\040\000s\000c\000h\000e\000m\000e\000s}{section.0.2}% 11
\BOOKMARK [1][-]{section.0.3}{\376\377\116\016\131\026\165\114\200\046\124\010\377\032\163\257\130\203\166\204\117\134\165\050\377\010\000C\000o\000u\000p\000l\000i\000n\000g\000\040\000t\000o\000\040\000t\000h\000e\000\040\000o\000u\000t\000s\000i\000d\000e\000\040\000w\000o\000r\000l\000d\000:\000\040\000t\000h\000e\000\040\000r\000o\000l\000e\000\040\000o\000f\000\040\000t\000h\000e\000\040\000e\000n\000v\000i\000r\000o\000n\000m\000e\000n\000t\377\011}{}% 12
\BOOKMARK [2][-]{subsection.0.3.1}{\376\377\165\050\117\040\217\223\176\277\217\336\143\245\221\317\133\120\174\373\176\337\377\010\000W\000i\000r\000i\000n\000g\000\040\000u\000p\000\040\000q\000u\000a\000n\000t\000u\000m\000\040\000s\000y\000s\000t\000e\000m\000s\000\040\000w\000i\000t\000h\000\040\000t\000r\000a\000n\000s\000m\000i\000s\000s\000i\000o\000n\000\040\000l\000i\000n\000e\000s\377\011}{section.0.3}% 13
\BOOKMARK [2][-]{subsection.0.3.2}{\376\377\165\065\177\121\176\334\116\055\166\204\217\223\121\145\040\023\217\223\121\372\164\006\213\272\377\010\000I\000n\000p\000u\000t\000-\000o\000u\000t\000p\000u\000t\000\040\000t\000h\000e\000o\000r\000y\000\040\000i\000n\000\040\000e\000l\000e\000c\000t\000r\000i\000c\000a\000l\000\040\000n\000e\000t\000w\000o\000r\000k\000s\377\011}{section.0.3}% 14
\BOOKMARK [2][-]{subsection.0.3.3}{\376\377\221\317\133\120\153\324\162\171\166\204\137\033\214\153\116\016\220\000\166\370\136\162\377\010\000Q\000u\000b\000i\000t\000\040\000r\000e\000l\000a\000x\000a\000t\000i\000o\000n\000\040\000a\000n\000d\000\040\000d\000e\000p\000h\000a\000s\000i\000n\000g\377\011}{section.0.3}% 15
\BOOKMARK [2][-]{subsection.0.3.4}{\376\377\202\162\145\143\123\072\166\204\200\027\145\143\377\010\000D\000i\000s\000s\000i\000p\000a\000t\000i\000o\000n\000\040\000i\000n\000\040\000t\000h\000e\000\040\000d\000i\000s\000p\000e\000r\000s\000i\000v\000e\000\040\000r\000e\000g\000i\000m\000e\377\011}{section.0.3}% 16
\BOOKMARK [2][-]{subsection.0.3.5}{\376\377\131\032\152\041\000\040\000P\000u\000r\000c\000e\000l\000l\000\040\145\110\136\224\116\016\000\040\000P\000u\000r\000c\000e\000l\000l\000\040\156\344\154\342\126\150\377\010\000M\000u\000l\000t\000i\000-\000m\000o\000d\000e\000\040\000P\000u\000r\000c\000e\000l\000l\000\040\000e\000f\000f\000e\000c\000t\000\040\000a\000n\000d\000\040\000P\000u\000r\000c\000e\000l\000l\000\040\000f\000i\000l\000t\000e\000r\000s\377\011}{section.0.3}% 17
\BOOKMARK [2][-]{subsection.0.3.6}{\376\377\165\050\137\256\154\342\232\161\122\250\143\247\122\066\221\317\133\120\174\373\176\337\377\010\000C\000o\000n\000t\000r\000o\000l\000l\000i\000n\000g\000\040\000q\000u\000a\000n\000t\000u\000m\000\040\000s\000y\000s\000t\000e\000m\000s\000\040\000w\000i\000t\000h\000\040\000m\000i\000c\000r\000o\000w\000a\000v\000e\000\040\000d\000r\000i\000v\000e\000s\377\011}{section.0.3}% 18
\BOOKMARK [2][-]{subsection.0.3.7}{\376\377\226\104\377\032\000T\000r\000a\000n\000s\000m\000o\000n\000\040\000q\000u\000b\000i\000t\116\055\166\204\126\152\130\360}{section.0.3}% 19
\BOOKMARK [2][-]{subsection.0.3.8}{\376\377\226\104\377\032\166\370\136\162\140\001}{section.0.3}% 20
\BOOKMARK [1][-]{section.0.4}{\376\377\000V\000.\000\040\000C\000I\000R\000C\000U\000I\000T\000\040\000Q\000E\000D\000\040\116\055\166\204\155\113\221\317\377\010\000M\000e\000a\000s\000u\000r\000e\000m\000e\000n\000t\000s\000\040\000i\000n\000\040\000c\000i\000r\000c\000u\000i\000t\000\040\000Q\000E\000D\377\011}{}% 21
\BOOKMARK [2][-]{subsection.0.4.1}{\376\377\000A\000.\000\040\000M\000i\000c\000r\000o\000w\000a\000v\000e\000\040\000f\000i\000e\000l\000d\000\040\000d\000e\000t\000e\000c\000t\000i\000o\000n\377\010\137\256\154\342\127\072\143\242\155\113\377\011}{section.0.4}% 22
\BOOKMARK [2][-]{subsection.0.4.2}{\376\377\000B\000.\000\040\000P\000h\000a\000s\000e\000-\000s\000p\000a\000c\000e\000\040\000r\000e\000p\000r\000e\000s\000e\000n\000t\000a\000t\000i\000o\000n\000s\000\040\000a\000n\000d\000\040\000t\000h\000e\000i\000r\000\040\000r\000e\000l\000a\000t\000i\000o\000n\000\040\000t\000o\000\040\000f\000i\000e\000l\000d\000\040\000d\000e\000t\000e\000c\000t\000i\000o\000n}{section.0.4}% 23
\BOOKMARK [2][-]{subsection.0.4.3}{\376\377\000C\000.\000\040\000D\000i\000s\000p\000e\000r\000s\000i\000v\000e\000\040\000q\000u\000b\000i\000t\000\040\000r\000e\000a\000d\000o\000u\000t\377\010\202\162\145\143\221\317\133\120\153\324\162\171\213\373\121\372\377\011}{section.0.4}% 24
\BOOKMARK [1][-]{section.0.5}{\376\377\000V\000I\000.\000\040\000Q\000u\000b\000i\000t\040\023\000R\000e\000s\000o\000n\000a\000t\000o\000r\000\040\000C\000o\000u\000p\000l\000i\000n\000g\000\040\000R\000e\000g\000i\000m\000e\000s\377\010\200\046\124\010\123\072\151\202\217\360\377\032\123\352\117\134\142\177\116\012\124\057\116\013\377\011}{}% 25
\BOOKMARK [2][-]{subsection.0.5.1}{\376\377\000A\000.\000\040\000R\000e\000s\000o\000n\000a\000n\000t\000\040\000r\000e\000g\000i\000m\000e\377\010\121\161\143\057\123\072\377\011}{section.0.5}% 26
\BOOKMARK [2][-]{subsection.0.5.2}{\376\377\000B\000.\000\040\000D\000i\000s\000p\000e\000r\000s\000i\000v\000e\000\040\000r\000e\000g\000i\000m\000e\377\010\202\162\145\143\123\072\377\011}{section.0.5}% 27
\BOOKMARK [2][-]{subsection.0.5.3}{\376\377\000C\000.\000\040\000B\000e\000y\000o\000n\000d\000\040\000s\000t\000r\000o\000n\000g\000\040\000c\000o\000u\000p\000l\000i\000n\000g\000:\000\040\000u\000l\000t\000r\000a\000s\000t\000r\000o\000n\000g\000\040\000c\000o\000u\000p\000l\000i\000n\000g\000\040\000r\000e\000g\000i\000m\000e\377\010\215\205\137\072\200\046\124\010\123\072\377\011}{section.0.5}% 28
\BOOKMARK [1][-]{section.0.6}{\376\377\000V\000I\000I\000.\000\040\000C\000i\000r\000c\000u\000i\000t\000\040\000Q\000E\000D\000\040\116\055\166\204\221\317\133\120\213\241\173\227\377\032\145\164\117\123\126\376\146\157}{}% 29
\BOOKMARK [2][-]{subsection.0.6.1}{\376\377\000A\000.\000\040\123\125\153\324\162\171\143\247\122\066\377\010\000S\000i\000n\000g\000l\000e\000-\000q\000u\000b\000i\000t\000\040\000c\000o\000n\000t\000r\000o\000l\377\011}{section.0.6}% 30
\BOOKMARK [2][-]{subsection.0.6.2}{\376\377\000B\000.\000\040\123\314\153\324\162\171\225\350\377\010\000T\000w\000o\000-\000q\000u\000b\000i\000t\000\040\000g\000a\000t\000e\000s\377\011}{section.0.6}% 31
\BOOKMARK [2][-]{subsection.0.6.3}{\376\377\000C\000.\000\040\134\006\221\317\133\120\153\324\162\171\177\026\170\001\217\333\143\057\133\120\377\010\000E\000n\000c\000o\000d\000i\000n\000g\000\040\000a\000\040\000q\000u\000b\000i\000t\000\040\000i\000n\000\040\000a\000n\000\040\000o\000s\000c\000i\000l\000l\000a\000t\000o\000r\377\011}{section.0.6}% 32
