\BOOKMARK [1][-]{section.0.1}{\376\377\000I\000.\000\040\137\025\212\000\377\010\000I\000n\000t\000r\000o\000d\000u\000c\000t\000i\000o\000n\377\011}{}% 1
\BOOKMARK [2][-]{subsection.0.1.1}{\376\377\221\317\133\120\213\241\173\227\123\321\134\125\166\204\145\164\117\123\200\314\146\157}{section.0.1}% 2
\BOOKMARK [2][-]{subsection.0.1.2}{\376\377\116\072\116\300\116\110\000\040\000c\000Q\000E\000D\000\040\146\057\150\070\137\303\136\163\123\360\116\113\116\000}{section.0.1}% 3
\BOOKMARK [2][-]{subsection.0.1.3}{\376\377\000c\000Q\000E\000D\000\040\166\204\127\372\147\054\133\232\116\111\116\016\162\151\164\006\117\030\122\277}{section.0.1}% 4
\BOOKMARK [3][-]{subsubsection.0.1.3.1}{\376\377\000c\000Q\000E\000D\000\040\166\204\127\372\147\054\124\053\116\111}{subsection.0.1.3}% 5
\BOOKMARK [3][-]{subsubsection.0.1.3.2}{\376\377\000c\000Q\000E\000D\000\040\136\163\123\360\166\204\172\201\121\372\162\171\137\201}{subsection.0.1.3}% 6
\BOOKMARK [3][-]{subsubsection.0.1.3.3}{\376\377\147\204\136\372\000\040\000c\000Q\000E\000D\000\040\221\317\133\120\131\004\164\006\126\150\166\204\211\201\154\102}{subsection.0.1.3}% 7
\BOOKMARK [2][-]{subsection.0.1.4}{\376\377\147\054\145\207\166\204\133\232\117\115\060\001\166\356\150\007\213\373\200\005\116\016\121\231\117\134\122\250\147\072}{section.0.1}% 8
\BOOKMARK [3][-]{subsubsection.0.1.4.1}{\376\377\116\072\116\300\116\110\217\330\227\000\211\201\217\331\173\307\000\040\000T\000u\000t\000o\000r\000i\000a\000l}{subsection.0.1.4}% 9
\BOOKMARK [3][-]{subsubsection.0.1.4.2}{\376\377\166\356\150\007\213\373\200\005}{subsection.0.1.4}% 10
\BOOKMARK [3][-]{subsubsection.0.1.4.3}{\376\377\116\016\135\362\147\011\145\131\133\146\140\047\176\374\217\360\166\204\123\072\122\053}{subsection.0.1.4}% 11
\BOOKMARK [3][-]{subsubsection.0.1.4.4}{\376\377\147\054\145\207\166\204\150\070\137\303\166\356\150\007}{subsection.0.1.4}% 12
\BOOKMARK [2][-]{subsection.0.1.5}{\376\377\126\376\0001\377\032\145\207\172\340\142\100\137\072\214\003\166\204\150\070\137\303\135\345\172\013\126\376\146\157}{section.0.1}% 13
\BOOKMARK [3][-]{subsubsection.0.1.5.1}{\376\377\126\376\0001\000\050\000a\000\051\377\032\000c\000Q\000E\000D\000\040\221\317\133\120\213\241\173\227\147\072\166\204\121\150\150\010\176\323\147\204}{subsection.0.1.5}% 14
\BOOKMARK [3][-]{subsubsection.0.1.5.2}{\376\377\126\376\0001\000\050\000b\000\051\377\032\000c\000Q\000E\000D\000\040\126\150\116\366\137\000\123\321\166\204\135\345\172\013\225\355\163\257}{subsection.0.1.5}% 15
\BOOKMARK [3][-]{subsubsection.0.1.5.3}{\376\377\126\376\116\055\166\204\040\034\000Q\000u\000a\000n\000t\000u\000m\000\040\000i\000n\000f\000o\000.\040\035\116\016\040\034\000P\000h\000y\000s\000i\000c\000s\040\035\122\006\165\114}{subsection.0.1.5}% 16
\BOOKMARK [2][-]{subsection.0.1.6}{\376\377\000A\000.\000\040\000O\000v\000e\000r\000v\000i\000e\000w\000\040\000o\000f\000\040\000a\000r\000t\000i\000c\000l\000e\377\032\121\150\145\207\135\345\117\134\155\101\116\016\172\340\202\202\133\211\143\222}{section.0.1}% 17
\BOOKMARK [3][-]{subsubsection.0.1.6.1}{\376\377\145\164\117\123\176\304\176\307\145\271\137\017}{subsection.0.1.6}% 18
\BOOKMARK [3][-]{subsubsection.0.1.6.2}{\376\377\173\054\116\214\202\202\166\204\117\134\165\050\377\032\136\372\172\313\121\161\124\014\166\204\162\151\164\006\127\372\170\100}{subsection.0.1.6}% 19
\BOOKMARK [3][-]{subsubsection.0.1.6.3}{\376\377\173\054\116\011\202\202\377\032\116\316\166\356\150\007\124\310\133\306\230\177\221\317\122\060\167\037\133\236\162\151\164\006\165\065\215\357}{subsection.0.1.6}% 20
\BOOKMARK [3][-]{subsubsection.0.1.6.4}{\376\377\173\054\126\333\202\202\377\032\117\116\156\051\163\257\130\203\060\001\133\244\156\051\163\257\130\203\116\016\143\247\122\066\224\376\215\357}{subsection.0.1.6}% 21
\BOOKMARK [3][-]{subsubsection.0.1.6.5}{\376\377\173\054\116\224\202\202\377\032\126\150\116\366\210\150\137\201\060\001\150\041\121\306\116\016\140\047\200\375\213\312\145\255}{subsection.0.1.6}% 22
\BOOKMARK [3][-]{subsubsection.0.1.6.6}{\376\377\122\115\116\224\202\202\116\113\225\364\166\204\145\164\117\123\121\163\174\373\377\032\121\161\124\014\147\204\142\020\135\345\172\013\225\355\163\257}{subsection.0.1.6}% 23
\BOOKMARK [3][-]{subsubsection.0.1.6.7}{\376\377\147\000\176\310\166\356\150\007\116\016\147\054\145\207\217\271\165\114}{subsection.0.1.6}% 24
\BOOKMARK [3][-]{subsubsection.0.1.6.8}{\376\377\173\054\121\155\202\202\377\032\116\044\147\141\122\115\154\277\170\024\172\166\116\073\176\277}{subsection.0.1.6}% 25
\BOOKMARK [2][-]{subsection.0.1.7}{\376\377\137\025\212\000\220\350\122\006\166\204\145\164\117\123\220\073\217\221\140\073\176\323}{section.0.1}% 26
\BOOKMARK [2][-]{subsection.0.1.8}{\376\377\217\331\116\000\220\350\122\006\136\224\221\315\160\271\142\212\143\341\166\204\121\163\225\056\213\315}{section.0.1}% 27
\BOOKMARK [2][-]{subsection.0.1.9}{\376\377\116\000\123\345\213\335\151\202\142\354}{section.0.1}% 28
\BOOKMARK [1][-]{section.0.2}{\376\377\000c\000Q\000E\000D\000\040\166\204\162\151\164\006}{}% 29
\BOOKMARK [2][-]{subsection.0.2.1}{\376\377\000c\000Q\000E\000D\000\040\150\106\147\266\151\202\217\360}{section.0.2}% 30
\BOOKMARK [2][-]{subsection.0.2.2}{\376\377\215\205\133\374\214\020\143\057\126\150}{section.0.2}% 31
\BOOKMARK [3][-]{subsubsection.0.2.2.1}{\376\377\133\144\172\313\166\204\215\205\133\374\214\020\143\057\126\150}{subsection.0.2.2}% 32
\BOOKMARK [3][-]{subsubsection.0.2.2.2}{\376\377\116\016\163\257\130\203\143\245\211\346\166\204\214\020\143\057\126\150}{subsection.0.2.2}% 33
\BOOKMARK [2][-]{subsection.0.2.3}{\376\377\176\246\164\137\131\053\150\356\176\323}{section.0.2}% 34
\BOOKMARK [2][-]{subsection.0.2.4}{\376\377\000T\000r\000a\000n\000s\000m\000o\000n}{section.0.2}% 35
\BOOKMARK [2][-]{subsection.0.2.5}{\376\377\121\166\116\326\221\317\133\120\153\324\162\171}{section.0.2}% 36
\BOOKMARK [2][-]{subsection.0.2.6}{\376\377\202\162\145\143\200\046\124\010}{section.0.2}% 37
\BOOKMARK [1][-]{section.0.3}{\376\377\221\317\133\120\165\065\215\357\213\276\213\241\377\032\116\316\166\356\150\007\124\310\133\306\230\177\221\317\122\060\162\151\164\006\133\236\163\260}{}% 38
\BOOKMARK [2][-]{subsection.0.3.1}{\376\377\140\073\117\123\166\356\150\007\116\016\213\276\213\241\225\355\163\257}{section.0.3}% 39
\BOOKMARK [2][-]{subsection.0.3.2}{\376\377\126\150\116\366\147\266\147\204\377\032\136\163\227\142\147\266\147\204\116\016\000\040\0003\000D\000\040\147\266\147\204}{section.0.3}% 40
\BOOKMARK [3][-]{subsubsection.0.3.2.1}{\376\377\116\044\174\173\116\073\155\101\147\266\147\204\166\204\127\372\147\054\123\072\122\006}{subsection.0.3.2}% 41
\BOOKMARK [3][-]{subsubsection.0.3.2.2}{\376\377\0003\000D\000\040\147\266\147\204}{subsection.0.3.2}% 42
\BOOKMARK [3][-]{subsubsection.0.3.2.3}{\376\377\136\163\227\142\147\266\147\204}{subsection.0.3.2}% 43
\BOOKMARK [2][-]{subsection.0.3.3}{\376\377\147\204\136\372\127\372\147\054\152\041\127\127\377\032\116\316\227\000\154\102\122\060\121\167\117\123\165\065\215\357}{section.0.3}% 44
\BOOKMARK [3][-]{subsubsection.0.3.3.1}{\376\377\213\276\213\241\215\167\160\271\377\032\121\110\126\336\173\124\124\352\116\233\225\356\230\230}{subsection.0.3.3}% 45
\BOOKMARK [3][-]{subsubsection.0.3.3.2}{\376\377\176\277\140\047\152\041\377\032\214\020\143\057\126\150\166\204\133\236\163\260}{subsection.0.3.3}% 46
\BOOKMARK [3][-]{subsubsection.0.3.3.3}{\376\377\227\136\176\277\140\047\152\041\377\032\221\317\133\120\153\324\162\171\060\001\200\046\124\010\126\150\116\016\123\302\221\317\126\150\116\366}{subsection.0.3.3}% 47
\BOOKMARK [3][-]{subsubsection.0.3.3.4}{\376\377\200\046\124\010\213\276\213\241\116\016\230\221\163\207\136\003\134\100}{subsection.0.3.3}% 48
\BOOKMARK [3][-]{subsubsection.0.3.3.5}{\376\377\121\103\116\366\122\237\200\375\133\232\117\115\377\032\213\373\121\372\060\001\133\130\120\250\060\001\140\073\176\277\116\016\143\247\122\066}{subsection.0.3.3}% 49
\BOOKMARK [3][-]{subsubsection.0.3.3.6}{\376\377\143\247\122\066\176\277\215\357\137\025\121\145\166\204\200\027\145\143\116\016\166\370\136\162\140\047\116\343\116\367}{subsection.0.3.3}% 50
\BOOKMARK [2][-]{subsection.0.3.4}{\376\377\165\065\170\301\116\377\167\037\116\016\174\373\176\337\123\302\145\160\143\320\123\326}{section.0.3}% 51
\BOOKMARK [3][-]{subsubsection.0.3.4.1}{\376\377\116\072\116\300\116\110\227\000\211\201\165\065\170\301\116\377\167\037}{subsection.0.3.4}% 52
\BOOKMARK [3][-]{subsubsection.0.3.4.2}{\376\377\116\377\167\037\116\055\166\204\136\372\152\041\217\321\117\074}{subsection.0.3.4}% 53
\BOOKMARK [3][-]{subsubsection.0.3.4.3}{\376\377\177\121\150\074\116\016\145\066\145\133\213\276\177\156}{subsection.0.3.4}% 54
\BOOKMARK [3][-]{subsubsection.0.3.4.4}{\376\377\116\316\116\377\167\037\176\323\147\234\122\060\124\310\133\306\230\177\221\317\123\302\145\160}{subsection.0.3.4}% 55
\BOOKMARK [2][-]{subsection.0.3.5}{\376\377\136\163\227\142\000\040\000c\000Q\000E\000D\000\040\126\150\116\366\116\055\166\204\157\134\127\050\143\137\200\027\220\032\220\123}{section.0.3}% 56
\BOOKMARK [3][-]{subsubsection.0.3.5.1}{\376\377\165\114\227\142\143\137\200\027\146\057\136\163\227\142\126\150\116\366\166\204\221\315\211\201\225\356\230\230}{subsection.0.3.5}% 57
\BOOKMARK [2][-]{subsection.0.3.6}{\376\377\147\054\220\350\122\006\121\205\133\271\166\204\220\073\217\221\140\073\176\323}{section.0.3}% 58
\BOOKMARK [2][-]{subsection.0.3.7}{\376\377\147\000\117\030\166\370\136\162\140\047\166\204\213\276\213\241\200\003\221\317}{section.0.3}% 59
\BOOKMARK [3][-]{subsubsection.0.3.7.1}{\376\377\220\000\166\370\136\162\136\166\116\015\133\214\121\150\165\061\165\065\215\357\123\302\145\160\121\263\133\232}{subsection.0.3.7}% 60
\BOOKMARK [3][-]{subsubsection.0.3.7.2}{\376\377\121\263\133\232\220\000\166\370\136\162\220\037\163\207\166\204\116\011\116\052\150\070\137\303\126\340\175\040}{subsection.0.3.7}% 61
\BOOKMARK [3][-]{subsubsection.0.3.7.3}{\376\377\116\313\215\050\143\137\200\027\377\032\165\065\133\271\123\302\116\016\153\324\211\306\211\322}{subsection.0.3.7}% 62
\BOOKMARK [3][-]{subsubsection.0.3.7.4}{\376\377\117\123\147\120\145\231\116\016\165\114\227\142\147\120\145\231\377\032\214\001\146\364\121\163\225\056}{subsection.0.3.7}% 63
\BOOKMARK [3][-]{subsubsection.0.3.7.5}{\376\377\210\150\227\142\123\302\116\016\153\324\166\204\134\072\136\246\211\304\137\213\116\016\176\317\232\214\117\060\173\227}{subsection.0.3.7}% 64
\BOOKMARK [3][-]{subsubsection.0.3.7.6}{\376\377\210\150\227\142\123\302\116\016\153\324\166\204\145\160\120\074\213\241\173\227\116\016\121\340\117\125\117\030\123\026}{subsection.0.3.7}% 65
\BOOKMARK [3][-]{subsubsection.0.3.7.7}{\376\377\121\340\117\125\145\076\131\047\136\166\227\136\140\073\146\057\147\011\122\051\377\032\213\276\213\241\142\230\116\055}{subsection.0.3.7}% 66
\BOOKMARK [3][-]{subsubsection.0.3.7.8}{\376\377\165\065\141\037\143\137\200\027\377\032\122\250\200\375\165\065\141\037\122\006\145\160\116\016\210\150\227\142\000\040\000Q}{subsection.0.3.7}% 67
\BOOKMARK [3][-]{subsubsection.0.3.7.9}{\376\377\214\020\143\057\126\150\116\016\221\317\133\120\153\324\162\171\127\050\165\065\141\037\143\137\200\027\116\012\166\204\135\356\137\002}{subsection.0.3.7}% 68
\BOOKMARK [3][-]{subsubsection.0.3.7.10}{\376\377\121\163\116\216\147\000\117\030\166\370\136\162\140\047\213\276\213\241\166\204\226\066\153\265\140\047\176\323\213\272}{subsection.0.3.7}% 69
\BOOKMARK [2][-]{subsection.0.3.8}{\376\377\126\150\116\366\122\066\131\007}{section.0.3}% 70
\BOOKMARK [3][-]{subsubsection.0.3.8.1}{\376\377\176\246\164\137\131\053\150\356\176\323\122\066\131\007\146\057\215\205\133\374\221\317\133\120\126\150\116\366\166\204\150\070\137\303}{subsection.0.3.8}% 71
\BOOKMARK [3][-]{subsubsection.0.3.8.2}{\376\377\122\066\131\007\116\055\166\204\121\163\225\056\225\356\230\230\377\032\000T\000L\000S\000\040\116\016\165\114\227\142\215\050\221\317}{subsection.0.3.8}% 72
\BOOKMARK [3][-]{subsubsection.0.3.8.3}{\376\377\133\244\156\051\137\353\220\037\210\150\137\201\377\032\165\061\153\143\136\070\140\001\165\065\226\073\117\060\173\227\000\040\000E\000J}{subsection.0.3.8}% 73
\BOOKMARK [3][-]{subsubsection.0.3.8.4}{\376\377\0003\000D\000\040\215\205\133\374\201\124\117\123\166\204\122\066\131\007\116\016\117\030\123\026}{subsection.0.3.8}% 74
\BOOKMARK [3][-]{subsubsection.0.3.8.5}{\376\377\137\256\122\240\135\345\201\124\117\123\377\032\136\163\227\142\134\017\127\213\123\026\116\016\000\040\0003\000D\000\040\232\330\166\370\136\162\140\047\166\204\176\323\124\010}{subsection.0.3.8}% 75
\BOOKMARK [2][-]{subsection.0.3.9}{\376\377\147\054\220\350\122\006\210\145\121\105\140\073\176\323\377\032\116\316\166\370\136\162\140\047\117\030\123\026\122\060\126\150\116\366\204\075\127\060}{section.0.3}% 76
\BOOKMARK [1][-]{section.0.4}{\376\377\147\204\136\372\147\011\145\110\166\204\221\317\133\120\163\257\130\203}{}% 77
\BOOKMARK [2][-]{subsection.0.4.1}{\376\377\140\073\117\123\166\356\150\007\116\016\213\276\213\241\123\237\122\031}{section.0.4}% 78
\BOOKMARK [2][-]{subsection.0.4.2}{\376\377\117\116\156\051\174\373\176\337\221\115\177\156\377\010\000C\000r\000y\000o\000g\000e\000n\000i\000c\000\040\000c\000o\000n\000f\000i\000g\000u\000r\000a\000t\000i\000o\000n\000s\377\011}{section.0.4}% 79
\BOOKMARK [3][-]{subsubsection.0.4.2.1}{\376\377\135\345\117\134\156\051\136\246\116\016\150\070\137\303\213\276\213\241\116\373\122\241}{subsection.0.4.2}% 80
\BOOKMARK [3][-]{subsubsection.0.4.2.2}{\376\377\217\223\121\145\137\256\154\342\176\277\166\204\213\276\213\241\377\032\160\355\126\152\130\360\060\001\210\160\121\317\116\016\156\344\154\342}{subsection.0.4.2}% 81
\BOOKMARK [3][-]{subsubsection.0.4.2.3}{\376\377\217\223\121\372\176\277\166\204\213\276\213\241\377\032\117\341\123\367\143\320\123\326\060\001\226\224\171\273\116\016\145\076\131\047}{subsection.0.4.2}% 82
\BOOKMARK [3][-]{subsubsection.0.4.2.4}{\376\377\170\301\134\117\205\075\116\016\147\120\145\231\220\011\142\351}{subsection.0.4.2}% 83
\BOOKMARK [3][-]{subsubsection.0.4.2.5}{\376\377\126\376\0008\142\100\171\072\121\170\127\213\137\256\154\342\224\376\215\357\166\204\220\020\176\247\211\343\213\373}{subsection.0.4.2}% 84
\BOOKMARK [2][-]{subsection.0.4.3}{\376\377\137\256\154\342\117\341\123\367\131\004\164\006\377\010\000M\000i\000c\000r\000o\000w\000a\000v\000e\000\040\000s\000i\000g\000n\000a\000l\000\040\000p\000r\000o\000c\000e\000s\000s\000i\000n\000g\377\011}{section.0.4}% 85
\BOOKMARK [3][-]{subsubsection.0.4.3.1}{\376\377\133\236\232\214\116\373\122\241\116\016\170\154\116\366\136\163\123\360}{subsection.0.4.3}% 86
\BOOKMARK [3][-]{subsubsection.0.4.3.2}{\376\377\123\125\153\324\162\171\143\247\122\066\201\011\121\262\166\204\220\011\142\351\116\016\136\105\136\246\117\060\173\227}{subsection.0.4.3}% 87
\BOOKMARK [3][-]{subsubsection.0.4.3.3}{\376\377\000I\000Q\000\040\155\367\230\221\116\016\123\125\217\271\136\046\214\003\122\066\377\010\000S\000S\000B\377\011}{subsection.0.4.3}% 88
\BOOKMARK [1][-]{section.0.5}{\376\377\126\150\116\366\210\150\137\201\116\016\150\007\133\232}{}% 89
\BOOKMARK [2][-]{subsection.0.5.1}{\376\377\140\073\117\123\166\356\150\007\116\016\135\345\117\134\155\101}{section.0.5}% 90
\BOOKMARK [3][-]{subsubsection.0.5.1.1}{\376\377\126\376\000\040\0009\377\032\123\125\116\052\170\301\220\032\123\357\214\003\153\324\162\171\214\003\147\072\166\204\117\235\215\126\126\376}{subsection.0.5.1}% 91
\BOOKMARK [2][-]{subsection.0.5.2}{\376\377\214\061\133\146\133\236\232\214\377\010\000S\000p\000e\000c\000t\000r\000o\000s\000c\000o\000p\000y\000\040\000e\000x\000p\000e\000r\000i\000m\000e\000n\000t\000s\377\011}{section.0.5}% 92
\BOOKMARK [3][-]{subsubsection.0.5.2.1}{\376\377\127\372\147\054\133\232\116\111\116\016\117\134\165\050}{subsection.0.5.2}% 93
\BOOKMARK [3][-]{subsubsection.0.5.2.2}{\376\377\213\373\121\372\214\020\143\057\201\124\230\221\163\207\166\204\213\306\122\053\377\032\220\032\136\070\146\057\173\054\116\000\153\145}{subsection.0.5.2}% 94
\BOOKMARK [3][-]{subsubsection.0.5.2.3}{\376\377\220\017\134\004\124\315\136\224\000\040\000S\0002\0001\000\040\166\204\176\277\127\213\152\041\127\213}{subsection.0.5.2}% 95
\BOOKMARK [3][-]{subsubsection.0.5.2.4}{\376\377\116\072\116\300\116\110\232\330\122\237\163\207\214\061\133\146\147\011\165\050\377\032\121\110\142\176\000\040\000b\000a\000r\000e\000\040\152\041\377\014\121\215\214\010\174\276\176\306\150\007\133\232}{subsection.0.5.2}% 96
\BOOKMARK [3][-]{subsubsection.0.5.2.5}{\376\377\122\237\163\207\142\153\143\317\377\032\116\316\000\040\000b\000a\000r\000e\000\040\230\221\163\207\122\060\000\040\000d\000r\000e\000s\000s\000e\000d\000\040\230\221\163\207}{subsection.0.5.2}% 97
\BOOKMARK [3][-]{subsubsection.0.5.2.6}{\376\377\165\050\170\301\220\032\120\117\177\156\177\051\134\017\221\317\133\120\153\324\162\171\230\221\163\207\144\034\175\042\203\003\126\364}{subsection.0.5.2}% 98
\BOOKMARK [3][-]{subsubsection.0.5.2.7}{\376\377\123\314\227\363\217\336\176\355\154\342\221\317\133\120\153\324\162\171\214\061\377\010\000t\000w\000o\000-\000t\000o\000n\000e\000\040\000c\000o\000n\000t\000i\000n\000u\000o\000u\000s\000-\000w\000a\000v\000e\000\040\000s\000p\000e\000c\000t\000r\000o\000s\000c\000o\000p\000y\377\011}{subsection.0.5.2}% 99
\BOOKMARK [3][-]{subsubsection.0.5.2.8}{\376\377\131\202\117\125\170\156\213\244\142\176\122\060\166\204\170\156\133\236\146\057\166\356\150\007\221\317\133\120\153\324\162\171\152\041}{subsection.0.5.2}% 100
\BOOKMARK [3][-]{subsubsection.0.5.2.9}{\376\377\201\011\121\262\137\017\123\314\227\363\214\061\377\010\000p\000u\000l\000s\000e\000d\000\040\000t\000w\000o\000-\000t\000o\000n\000e\000\040\000s\000p\000e\000c\000t\000r\000o\000s\000c\000o\000p\000y\377\011}{subsection.0.5.2}% 101
\BOOKMARK [3][-]{subsubsection.0.5.2.10}{\376\377\116\011\227\363\214\061\116\016\227\136\214\020\140\047\166\204\155\113\221\317}{subsection.0.5.2}% 102
\BOOKMARK [2][-]{subsection.0.5.3}{\376\377\123\125\153\324\162\171\133\236\232\214\377\010\000S\000i\000n\000g\000l\000e\000-\000q\000u\000b\000i\000t\000\040\000e\000x\000p\000e\000r\000i\000m\000e\000n\000t\000s\377\011}{section.0.5}% 103
\BOOKMARK [3][-]{subsubsection.0.5.3.1}{\376\377\217\333\121\145\123\125\153\324\162\171\133\236\232\214\166\204\122\115\143\320}{subsection.0.5.3}% 104
\BOOKMARK [3][-]{subsubsection.0.5.3.2}{\376\377\000R\000a\000b\000i\000\040\133\236\232\214\116\016\000\040\000D\000R\000A\000G\000\040\150\007\133\232}{subsection.0.5.3}% 105
\BOOKMARK [3][-]{subsubsection.0.5.3.3}{\376\377\166\370\136\162\140\047\155\113\221\317\377\032\000T\0001\060\001\000R\000a\000m\000s\000e\000y\060\001\000E\000c\000h\000o}{subsection.0.5.3}% 106
\BOOKMARK [3][-]{subsubsection.0.5.3.4}{\376\377\123\125\153\324\162\171\144\315\117\134\166\204\174\373\176\337\150\007\133\232\377\032\000A\000L\000L\000X\000Y\060\001\230\221\163\207\174\276\214\003\060\001\000D\000R\000A\000G\000\040\116\016\201\011\121\262\116\062}{subsection.0.5.3}% 107
\BOOKMARK [2][-]{subsection.0.5.4}{\376\377\147\054\220\350\122\006\166\204\220\073\217\221\116\073\176\277\140\073\176\323}{section.0.5}% 108
\BOOKMARK [2][-]{subsection.0.5.5}{\376\377\213\373\121\372\117\030\123\026\377\010\000R\000e\000a\000d\000o\000u\000t\000\040\000o\000p\000t\000i\000m\000i\000z\000a\000t\000i\000o\000n\377\011}{section.0.5}% 109
\BOOKMARK [3][-]{subsubsection.0.5.5.1}{\376\377\131\175\213\373\121\372\166\204\116\044\116\052\150\070\137\303\143\007\150\007\377\032\117\335\167\037\136\246\116\016\000\040\000Q\000N\000D\000\040\140\047}{subsection.0.5.5}% 110
\BOOKMARK [3][-]{subsubsection.0.5.5.2}{\376\377\202\162\145\143\213\373\121\372\166\204\147\072\122\066}{subsection.0.5.5}% 111
\BOOKMARK [3][-]{subsubsection.0.5.5.3}{\376\377\213\373\121\372\217\307\172\013\116\055\166\204\155\113\221\317\213\361\133\374\220\000\166\370\136\162}{subsection.0.5.5}% 112
\BOOKMARK [3][-]{subsubsection.0.5.5.4}{\376\377\121\163\225\056\213\373\121\372\143\007\150\007\166\204\143\320\123\326\377\032\123\125\153\041\213\373\121\372\060\001\207\164\207\166\133\236\232\214\116\016\147\141\116\366\151\202\163\207}{subsection.0.5.5}% 113
\BOOKMARK [3][-]{subsubsection.0.5.5.5}{\376\377\213\373\121\372\117\030\123\026\116\055\166\204\147\103\210\141\377\032\000S\000N\000R\060\001\213\373\121\372\145\366\225\177\060\001\122\237\163\207\116\016\162\266\140\001\142\160\122\250}{subsection.0.5.5}% 114
\BOOKMARK [3][-]{subsubsection.0.5.5.6}{\376\377\155\113\221\317\145\110\163\207\000\040}{subsection.0.5.5}% 115
\BOOKMARK [3][-]{subsubsection.0.5.5.7}{\376\377\213\373\121\372\117\030\123\026\220\350\122\006\166\204\134\017\176\323}{subsection.0.5.5}% 116
\BOOKMARK [2][-]{subsection.0.5.6}{\376\377\123\314\153\324\162\171\225\350\135\345\172\013\377\010\000E\000n\000g\000i\000n\000e\000e\000r\000i\000n\000g\000\040\000t\000w\000o\000-\000q\000u\000b\000i\000t\000\040\000g\000a\000t\000e\000s\377\011}{section.0.5}% 117
\BOOKMARK [3][-]{subsubsection.0.5.6.1}{\376\377\137\353\220\037\170\301\220\032\201\011\121\262\127\213\123\314\153\324\162\171\225\350}{subsection.0.5.6}% 118
\BOOKMARK [3][-]{subsubsection.0.5.6.2}{\376\377\121\150\137\256\154\342\232\161\122\250\127\213\123\314\153\324\162\171\225\350}{subsection.0.5.6}% 119
\BOOKMARK [3][-]{subsubsection.0.5.6.3}{\376\377\123\302\145\160\214\003\122\066\127\213\123\314\153\324\162\171\225\350}{subsection.0.5.6}% 120
\BOOKMARK [3][-]{subsubsection.0.5.6.4}{\376\377\116\316\134\021\153\324\162\171\122\060\131\032\153\324\162\171\377\032\230\221\163\207\170\260\144\236\142\020\116\072\150\070\137\303\225\356\230\230}{subsection.0.5.6}% 121
\BOOKMARK [3][-]{subsubsection.0.5.6.5}{\376\377\131\032\153\324\162\171\202\257\162\107\116\055\166\204\230\221\163\207\213\276\213\241\116\016\147\266\147\204\173\126\165\145}{subsection.0.5.6}% 122
\BOOKMARK [3][-]{subsubsection.0.5.6.6}{\376\377\123\314\153\324\162\171\225\350\135\345\172\013\220\350\122\006\166\204\134\017\176\323}{subsection.0.5.6}% 123
\BOOKMARK [2][-]{subsection.0.5.7}{\376\377\142\052\201\363\166\356\122\115\121\205\133\271\166\204\145\164\117\123\176\323\147\204\140\073\176\323}{section.0.5}% 124
\BOOKMARK [2][-]{subsection.0.5.8}{\376\377\221\317\133\120\144\315\117\134\210\150\137\201\377\010\000C\000h\000a\000r\000a\000c\000t\000e\000r\000i\000z\000a\000t\000i\000o\000n\000\040\000o\000f\000\040\000q\000u\000b\000i\000t\000\040\000o\000p\000e\000r\000a\000t\000i\000o\000n\000s\377\011}{section.0.5}% 125
\BOOKMARK [3][-]{subsubsection.0.5.8.1}{\376\377\221\317\133\120\225\350\210\150\137\201\166\204\166\356\150\007\116\016\140\073\117\123\140\035\215\357}{subsection.0.5.8}% 126
\BOOKMARK [3][-]{subsubsection.0.5.8.2}{\376\377\221\317\133\120\144\315\117\134\166\204\145\160\133\146\210\150\171\072\377\032\000C\000P\000T\000P\000\040\146\040\134\004\116\016\000\040\000P\000T\000M}{subsection.0.5.8}% 127
\BOOKMARK [3][-]{subsubsection.0.5.8.3}{\376\377\225\350\213\357\135\356\166\204\116\044\131\047\147\145\156\220\377\032\166\370\136\162\213\357\135\356\116\016\227\136\166\370\136\162\213\357\135\356}{subsection.0.5.8}% 128
\BOOKMARK [3][-]{subsubsection.0.5.8.4}{\376\377\136\070\211\301\140\047\200\375\143\007\150\007\377\032\217\307\172\013\117\335\167\037\136\246\060\001\136\163\127\107\213\357\135\356\060\001\224\273\167\363\203\003\145\160\116\016\136\172\153\143\140\047}{subsection.0.5.8}% 129
\BOOKMARK [3][-]{subsubsection.0.5.8.5}{\376\377\116\011\174\173\150\070\137\303\225\350\210\150\137\201\123\117\213\256\377\032\000Q\000P\000T\060\001\000G\000S\000T\000\040\116\016\000\040\000R\000B}{subsection.0.5.8}% 130
\BOOKMARK [3][-]{subsubsection.0.5.8.6}{\376\377\117\341\140\157\221\317\116\016\133\236\232\214\116\343\116\367\166\204\142\230\116\055}{subsection.0.5.8}% 131
\BOOKMARK [3][-]{subsubsection.0.5.8.7}{\376\377\163\260\133\236\000\040\000c\000Q\000E\000D\000\040\126\150\116\366\116\055\166\204\226\220\205\317\120\107\213\276\116\016\123\117\213\256\134\100\226\120}{subsection.0.5.8}% 132
\BOOKMARK [3][-]{subsubsection.0.5.8.8}{\376\377\133\371\163\260\147\011\123\117\213\256\166\204\142\151\134\125\116\016\117\356\153\143}{subsection.0.5.8}% 133
\BOOKMARK [3][-]{subsubsection.0.5.8.9}{\376\377\154\304\157\017\210\150\137\201\116\055\166\204\116\000\116\052\121\170\127\213\126\360\226\276}{subsection.0.5.8}% 134
\BOOKMARK [3][-]{subsubsection.0.5.8.10}{\376\377\116\000\171\315\146\364\133\236\165\050\166\204\140\035\215\357\377\032\227\142\124\021\162\151\164\006\147\072\122\066\166\204\144\315\117\134\140\047\210\150\137\201}{subsection.0.5.8}% 135
\BOOKMARK [3][-]{subsubsection.0.5.8.11}{\376\377\171\072\117\213\377\032\131\032\153\324\162\171\126\150\116\366\116\055\166\204\153\213\117\131\000\040\000Z\000Z\000\040\166\370\116\222\117\134\165\050}{subsection.0.5.8}% 136
\BOOKMARK [3][-]{subsubsection.0.5.8.12}{\376\377\221\317\133\120\144\315\117\134\210\150\137\201\220\350\122\006\166\204\134\017\176\323}{subsection.0.5.8}% 137
\BOOKMARK [2][-]{subsection.0.5.9}{\376\377\201\124\117\123\210\150\137\201\377\010\000C\000a\000v\000i\000t\000y\000\040\000c\000h\000a\000r\000a\000c\000t\000e\000r\000i\000z\000a\000t\000i\000o\000n\377\011}{section.0.5}% 138
\BOOKMARK [3][-]{subsubsection.0.5.9.1}{\376\377\232\330\000\040\000Q\000\040\201\124\117\123\127\050\000\040\000c\000Q\000E\000D\000\040\116\055\166\204\211\322\202\162}{subsection.0.5.9}% 139
\BOOKMARK [3][-]{subsubsection.0.5.9.2}{\376\377\121\170\127\213\170\154\116\366\147\204\127\213\116\016\213\260\123\367\176\246\133\232}{subsection.0.5.9}% 140
\BOOKMARK [3][-]{subsubsection.0.5.9.3}{\376\377\210\150\137\201\201\124\117\123\142\100\117\235\215\126\166\204\116\044\174\173\121\163\225\056\147\141\116\366\144\315\117\134}{subsection.0.5.9}% 141
\BOOKMARK [3][-]{subsubsection.0.5.9.4}{\376\377\201\124\117\123\230\221\163\207\166\204\155\113\221\317\377\032\000c\000a\000v\000i\000t\000y\000\040\000s\000p\000e\000c\000t\000r\000o\000s\000c\000o\000p\000y}{subsection.0.5.9}% 142
\BOOKMARK [3][-]{subsubsection.0.5.9.5}{\376\377\202\162\145\143\200\046\124\010\000\040\000\040\166\204\155\113\221\317\377\032\000n\000u\000m\000b\000e\000r\000\040\000s\000p\000l\000i\000t\000t\000i\000n\000g\000\040\116\016\000\040\000R\000a\000m\000s\000e\000y\000\040\000r\000e\000v\000i\000v\000a\000l}{subsection.0.5.9}% 143
\BOOKMARK [3][-]{subsubsection.0.5.9.6}{\376\377\201\124\117\123\166\370\136\162\140\047\166\204\210\150\137\201\377\032\000T\0001\000\040\116\016\000\040\000T\0002}{subsection.0.5.9}% 144
\BOOKMARK [3][-]{subsubsection.0.5.9.7}{\376\377\116\373\141\017\201\124\140\001\166\204\131\107\120\166\155\113\221\317\377\032\000Q\000N\000D\000\040\121\111\133\120\145\160\131\107\120\166\213\373\121\372}{subsection.0.5.9}% 145
\BOOKMARK [3][-]{subsubsection.0.5.9.8}{\376\377\000W\000i\000g\000n\000e\000r\000\040\121\375\145\160\116\016\201\124\117\123\140\001\134\102\147\220}{subsection.0.5.9}% 146
\BOOKMARK [3][-]{subsubsection.0.5.9.9}{\376\377\201\124\117\123\210\150\137\201\116\016\163\273\202\162\133\120\176\240\225\031\166\204\121\163\174\373}{subsection.0.5.9}% 147
\BOOKMARK [3][-]{subsubsection.0.5.9.10}{\376\377\201\124\117\123\210\150\137\201\220\350\122\006\166\204\134\017\176\323}{subsection.0.5.9}% 148
\BOOKMARK [2][-]{subsection.0.5.10}{\376\377\147\054\217\156\145\260\130\236\121\205\133\271\166\204\145\164\117\123\140\073\176\323}{section.0.5}% 149
\BOOKMARK [1][-]{section.0.6}{\376\377\217\310\124\021\234\201\150\322\131\047\211\304\152\041\221\317\133\120\213\241\173\227\377\032\000N\000I\000S\000Q\126\150\116\366\060\001\201\124\127\372\220\073\217\221\221\317\133\120\153\324\162\171\116\016\134\125\147\033}{}% 150
\BOOKMARK [2][-]{subsection.0.6.1}{\376\377\140\073\117\123\201\011\176\334\377\032\116\316\134\017\127\213\126\150\116\366\150\007\133\232\215\160\124\021\131\047\211\304\152\041\221\317\133\120\213\241\173\227}{section.0.6}% 151
\BOOKMARK [2][-]{subsection.0.6.2}{\376\377\000N\000I\000S\000Q\126\150\116\366\377\032\211\304\152\041\060\001\140\047\200\375\143\007\150\007\116\016\217\321\147\037\136\224\165\050}{section.0.6}% 152
\BOOKMARK [3][-]{subsubsection.0.6.2.1}{\376\377\116\305\147\011\040\034\153\324\162\171\145\160\040\035\136\166\116\015\215\263\116\345\210\141\221\317\131\004\164\006\126\150\200\375\122\233}{subsection.0.6.2}% 153
\BOOKMARK [3][-]{subsubsection.0.6.2.2}{\376\377\165\065\215\357\155\361\136\246\116\016\221\317\133\120\117\123\171\357}{subsection.0.6.2}% 154
\BOOKMARK [3][-]{subsubsection.0.6.2.3}{\376\377\221\317\133\120\117\123\171\357\166\204\134\100\226\120\116\016\000N\000I\000S\000Q\136\224\165\050\166\204\163\260\133\236\220\073\217\221}{subsection.0.6.2}% 155
\BOOKMARK [3][-]{subsubsection.0.6.2.4}{\376\377\131\047\211\304\152\041\000N\000I\000S\000Q\174\373\176\337\166\204\210\150\137\201\116\016\201\352\122\250\123\026\150\007\133\232\226\276\230\230}{subsection.0.6.2}% 156
\BOOKMARK [3][-]{subsubsection.0.6.2.5}{\376\377\126\150\116\366\202\157\163\207\060\001\152\041\127\127\123\026\226\306\142\020\116\016\135\345\172\013\176\246\147\137}{subsection.0.6.2}% 157
\BOOKMARK [3][-]{subsubsection.0.6.2.6}{\376\377\117\116\156\051\116\016\137\256\154\342\127\372\170\100\213\276\145\275\166\204\142\151\134\125\225\356\230\230}{subsection.0.6.2}% 158
\BOOKMARK [2][-]{subsection.0.6.3}{\376\377\127\372\116\216\201\124\117\123\166\204\220\073\217\221\221\317\133\120\153\324\162\171\377\032\163\273\202\162\133\120\177\026\170\001\060\001\152\041\127\127\123\026\147\266\147\204\116\016\145\260\127\213\217\205\122\251\176\277\215\357}{section.0.6}% 159
\BOOKMARK [3][-]{subsubsection.0.6.3.1}{\376\377\217\336\176\355\123\330\221\317\215\357\176\277\116\016\163\273\202\162\133\120\177\026\170\001\166\204\150\070\137\303\117\030\122\277}{subsection.0.6.3}% 160
\BOOKMARK [3][-]{subsubsection.0.6.3.2}{\376\377\152\041\127\127\123\026\221\317\133\120\213\241\173\227\147\266\147\204\116\055\166\204\127\060\117\115}{subsection.0.6.3}% 161
\BOOKMARK [3][-]{subsubsection.0.6.3.3}{\376\377\116\072\116\300\116\110\0003\000D\215\205\133\374\201\124\162\171\122\053\220\002\124\010\117\134\116\072\220\073\217\221\123\125\121\103}{subsection.0.6.3}% 162
\BOOKMARK [3][-]{subsubsection.0.6.3.4}{\376\377\131\047\136\014\134\024\117\057\162\171\172\172\225\364\060\001\213\357\135\356\152\041\127\213\116\016\163\273\202\162\133\120\176\240\225\031\166\204\173\200\123\026}{subsection.0.6.3}% 163
\BOOKMARK [3][-]{subsubsection.0.6.3.5}{\376\377\116\316\040\034\200\375\133\130\040\035\122\060\040\034\200\375\173\227\040\035\377\032\220\073\217\221\225\350\116\016\133\271\225\031\144\315\117\134\166\204\143\021\142\030}{subsection.0.6.3}% 164
\BOOKMARK [3][-]{subsubsection.0.6.3.6}{\376\377\137\123\122\115\116\073\155\101\147\266\147\204\166\204\134\100\226\120\377\032\000t\000r\000a\000n\000s\000m\000o\000n\217\205\122\251\153\324\162\171\136\166\227\136\176\310\160\271}{subsection.0.6.3}% 165
\BOOKMARK [3][-]{subsubsection.0.6.3.7}{\376\377\145\260\127\213\217\205\122\251\165\065\215\357\377\032\116\011\154\342\155\367\230\221\060\001\000A\000T\000S\116\016\232\161\122\250\163\273\202\162\133\120\217\205\122\251\123\125\121\103}{subsection.0.6.3}% 166
\BOOKMARK [3][-]{subsubsection.0.6.3.8}{\376\377\152\041\127\127\225\364\221\317\133\120\220\032\117\341\377\032\116\316\040\034\134\100\127\337\176\240\225\031\040\035\215\160\124\021\040\034\121\150\174\373\176\337\116\222\200\124\040\035}{subsection.0.6.3}% 167
\BOOKMARK [2][-]{subsection.0.6.4}{\376\377\140\073\176\323\116\016\134\125\147\033}{section.0.6}% 168
